Microchip MPLAB XC8 Compiler V2.46

Linker command line:

-W-3 \
  --edf=C:\Program Files\Microchip\xc8\v2.46\pic\dat\20240104201356_en.msgs \
  -cn -h+dist/default/debug\application.debug.sym \
  --cmf=dist/default/debug\application.debug.cmf -z -Q18F4620 \
  -oC:\Users\omars\AppData\Local\Temp\xcAs7e0.\driver_tmp_3.o \
  --defsym=__MPLAB_BUILD=1 --fixupoverflow=error \
  -Mdist/default/debug/application.debug.map \
  --md=C:\Users\omars\AppData\Local\Temp\xcAs7e0.\driver_tmp_0.dat -E1 \
  -ver=XC8 Compiler --acfsm=1493 -ACODE=00h-0FFFFh -ACONST=00h-0FFFFh \
  -ASMALLCONST=01000h-010FFhx240 -AMEDIUMCONST=01000h-0FFFFh \
  -ACOMRAM=01h-07Fh -AABS1=00h-0F7Fh -ABIGRAM=01h-0F7Fh \
  -ARAM=080h-0FFh,0100h-01FFhx14,0F00h-0F7Fh -ABANK0=080h-0FFh \
  -ABANK1=0100h-01FFh -ABANK2=0200h-02FFh -ABANK3=0300h-03FFh \
  -ABANK4=0400h-04FFh -ABANK5=0500h-05FFh -ABANK6=0600h-06FFh \
  -ABANK7=0700h-07FFh -ABANK8=0800h-08FFh -ABANK9=0900h-09FFh \
  -ABANK10=0A00h-0AFFh -ABANK11=0B00h-0BFFh -ABANK12=0C00h-0CFFh \
  -ABANK13=0D00h-0DFFh -ABANK14=0E00h-0EFFh -ABANK15=0F00h-0F7Fh \
  -ASFR=0F80h-0FFFh -ABIGSFR=0F80h-0FFFh -ACONFIG=0300000h-030000Dh \
  -AIDLOC=0200000h-0200007h -AEEDATA=0F00000h-0F003FFh -peeprom_data=EEDATA \
  -preset_vec=00h,intcode=8h,intcodelo,powerup,init -pramtop=01000h \
  -psmallconst=SMALLCONST -pmediumconst=MEDIUMCONST -pconst=CONST \
  -AFARRAM=00h-00h \
  -prdata=COMRAM,nvrram=COMRAM,nvbit=COMRAM,rbss=COMRAM,rbit=COMRAM \
  -pfarbss=FARRAM,fardata=FARRAM,nvFARRAM=FARRAM \
  -pintsave_regs=BIGRAM,bigbss=BIGRAM,bigdata=BIGRAM -pbss=RAM \
  -pidata=CODE,irdata=CODE,ibigdata=CODE,ifardata=CODE -prparam=COMRAM \
  C:\Users\omars\AppData\Local\Temp\xcAs7e0.\driver_tmp_9.o \
  dist/default/debug\application.debug.o 

Object code version is 3.11

Machine type is 18F4620



                Name                               Link     Load   Length Selector   Space Scale
C:\Users\omars\AppData\Local\Temp\xcAs7e0.\driver_tmp_9.o
                config                           300000   300000        E        0       4
                init                                  E        E        4        4       0
                reset_vec                             0        0        4        0       0
dist/default/debug\application.debug.o
                intcode                               8        8        6        4       0
                config                           300000   300000        E        0       4
                temp                                 6D       6D        1        1       1
                smallconst                         1000     1000       12      800       0
                text19                             1540     1540        4      A84       0
                text18                             11FE     11FE       82      809       0
                text17                             12F6     12F6       64      809       0
                text16                             1520     1520        A      A84       0
                text15                             148A     148A       2E      809       0
                text14                             145C     145C       2E      809       0
                text13                             142E     142E       2E      809       0
                text12                             153C     153C        4      A84       0
                text11                             1514     1514        C      A84       0
                text10                             1536     1536        6      A84       0
                text9                              13C6     13C6       36      809       0
                text8                              1530     1530        6      A84       0
                text7                              13FC     13FC       32      809       0
                text6                              152A     152A        6      A84       0
                text5                              1390     1390       36      809       0
                intcode_body                       1012     1012      156      809       0
                text3                              1280     1280       76      809       0
                text2                              1168     1168       96      809       0
                text1                              14B8     14B8       2A      809       0
                text0                              1508     1508        C      A84       0
                cstackCOMRAM                         55       55       18        1       1
                dataCOMRAM                           30       30       25        1       1
                bssCOMRAM                             1        1       2F        1       1
                cinit                              135A     135A       36      809       0
                idataCOMRAM                        14E2     14E2       25      809       0

TOTAL           Name                               Link     Load   Length     Space
        CLASS   CODE           
                intcode                               8        8        6         0
                init                                  E        E        4         0
                reset_vec                             0        0        4         0
                text19                             1540     1540        4         0
                text18                             11FE     11FE       82         0
                text17                             12F6     12F6       64         0
                text16                             1520     1520        A         0
                text15                             148A     148A       2E         0
                text14                             145C     145C       2E         0
                text13                             142E     142E       2E         0
                text12                             153C     153C        4         0
                text11                             1514     1514        C         0
                text10                             1536     1536        6         0
                text9                              13C6     13C6       36         0
                text8                              1530     1530        6         0
                text7                              13FC     13FC       32         0
                text6                              152A     152A        6         0
                text5                              1390     1390       36         0
                intcode_body                       1012     1012      156         0
                text3                              1280     1280       76         0
                text2                              1168     1168       96         0
                text1                              14B8     14B8       2A         0
                text0                              1508     1508        C         0
                cinit                              135A     135A       36         0
                idataCOMRAM                        14E2     14E2       25         0

        CLASS   CONST          

        CLASS   SMALLCONST     
                smallconst                         1000     1000       12         0

        CLASS   MEDIUMCONST    

        CLASS   COMRAM         
                temp                                 6D       6D        1         1
                cstackCOMRAM                         55       55       18         1
                dataCOMRAM                           30       30       25         1
                bssCOMRAM                             1        1       2F         1

        CLASS   ABS1           

        CLASS   BIGRAM         

        CLASS   RAM            

        CLASS   BANK0          

        CLASS   BANK1          

        CLASS   BANK2          

        CLASS   BANK3          

        CLASS   BANK4          

        CLASS   BANK5          

        CLASS   BANK6          

        CLASS   BANK7          

        CLASS   BANK8          

        CLASS   BANK9          

        CLASS   BANK10         

        CLASS   BANK11         

        CLASS   BANK12         

        CLASS   BANK13         

        CLASS   BANK14         

        CLASS   BANK15         

        CLASS   SFR            

        CLASS   BIGSFR         

        CLASS   CONFIG         
                config                           300000   300000        E         4

        CLASS   IDLOC          

        CLASS   EEDATA         

        CLASS   FARRAM         

        CLASS   HEAP           

        CLASS   STACK          



SEGMENTS        Name                           Load    Length   Top    Selector   Space  Class

                reset_vec                      000000  000004  000004         0       0  CODE    
                bssCOMRAM                      000001  00006D  00006E         1       1  COMRAM  
                intcode                        000008  00000A  000012         4       0  CODE    
                smallconst                     001000  000012  001012       800       0  SMALLCON
                intcode_body                   001012  0004F5  001507       809       0  CODE    
                text0                          001508  00003C  001544       A84       0  CODE    


UNUSED ADDRESS RANGES

        Name                Unused          Largest block    Delta
        BANK0            000080-0000FF               80
        BANK1            000100-0001FF              100
        BANK10           000A00-000AFF              100
        BANK11           000B00-000BFF              100
        BANK12           000C00-000CFF              100
        BANK13           000D00-000DFF              100
        BANK14           000E00-000EFF              100
        BANK15           000F00-000F7F               80
        BANK2            000200-0002FF              100
        BANK3            000300-0003FF              100
        BANK4            000400-0004FF              100
        BANK5            000500-0005FF              100
        BANK6            000600-0006FF              100
        BANK7            000700-0007FF              100
        BANK8            000800-0008FF              100
        BANK9            000900-0009FF              100
        BIGRAM           00006E-000F7F              F12
        BIGSFR           000F80-000FFF               80
        CODE             000004-000007                4
                         000012-000FFF              FEE
                         001507-001507                1
                         001544-00FFFF             EABC
        COMRAM           00006E-00007F               12
        CONST            000004-000007                4
                         000012-000FFF              FEE
                         001507-001507                1
                         001544-00FFFF             EABC
        EEDATA           F00000-F003FF              400
        IDLOC            200000-200007                8
        MEDIUMCONST      001507-001507                1
                         001544-00FFFF             EABC
        RAM              000080-000F7F              100
        SFR              000F80-000FFF               80
        SMALLCONST       001507-001507                1
                         001544-00FFFF              100

                                  Symbol Table

GPIO_TogglePin@config_t          cstackCOMRAM 000055
LED_Toggle@F2910                 bssCOMRAM    00002A
LED_Toggle@led                   cstackCOMRAM 00005A
LED_Toggle@led_obj               cstackCOMRAM 00005C
LED_Turn_off@F2905               bssCOMRAM    00002B
LED_Turn_on@F2900                bssCOMRAM    00002C
LED_initialize@F2895             bssCOMRAM    00002D
Relay_Init@F2889                 bssCOMRAM    000029
Relay_TurnOff@F2899              bssCOMRAM    000027
Relay_TurnOn@F2894               bssCOMRAM    000028
Timer3_Init@_timer3              cstackCOMRAM 000064
Timer3_Mode_config@_timer3       cstackCOMRAM 000063
_ADCON0bits                      (abs)        000FC2
_ADCON1bits                      (abs)        000FC1
_ADCON2bits                      (abs)        000FC0
_ADC_ISR                         text19       001540
_ADC_Interrupthandler            bssCOMRAM    000023
_ADRESH                          (abs)        000FC4
_ADRESL                          (abs)        000FC3
_App_ISR0                        text16       001520
_CCP1CONbits                     (abs)        000FBD
_CCP1_Interrupthandler           bssCOMRAM    000001
_CCPR1L                          (abs)        000FBE
_EEADR                           (abs)        000FA9
_EEADRH                          (abs)        000FAA
_EECON1bits                      (abs)        000FA6
_EECON2                          (abs)        000FA7
_EEDATA                          (abs)        000FA8
_GPIO_TogglePin                  text18       0011FE
_INT0_ISR                        text15       00148A
_INT0_Iterrupthandler            bssCOMRAM    000021
_INT1_ISR                        text14       00145C
_INT1_Iterrupthandler            bssCOMRAM    00001F
_INT2_ISR                        text13       00142E
_INT2_Iterrupthandler            bssCOMRAM    00001D
_INTCON2bits                     (abs)        000FF1
_INTCON3bits                     (abs)        000FF0
_INTCONbits                      (abs)        000FF2
_InterruptManager                intcode      000008
_LATA                            (abs)        000F89
_LATB                            (abs)        000F8A
_LATC                            (abs)        000F8B
_LATD                            (abs)        000F8C
_LATE                            (abs)        000F8D
_LED_Toggle                      text17       0012F6
_PIE1bits                        (abs)        000F9D
_PIE2bits                        (abs)        000FA0
_PIR1bits                        (abs)        000F9E
_PIR2bits                        (abs)        000FA1
_PORTA                           (abs)        000F80
_PORTB                           (abs)        000F81
_PORTC                           (abs)        000F82
_PORTD                           (abs)        000F83
_PORTE                           (abs)        000F84
_PR2                             (abs)        000FCB
_RB4_ISR                         text12       00153C
_RB4_Interrupthandler            bssCOMRAM    00001B
_RB5_Interrupthandler            bssCOMRAM    000019
_RB6_Interrupthandler            bssCOMRAM    000017
_RB7_Interrupthandler            bssCOMRAM    000015
_Registers_Lat                   dataCOMRAM   00003A
_Registers_Port                  dataCOMRAM   000030
_Registers_Tris                  dataCOMRAM   000044
_T0CONbits                       (abs)        000FD5
_T1CONbits                       (abs)        000FCD
_T2CONbits                       (abs)        000FCA
_T3CONbits                       (abs)        000FB1
_TIMER0_ISR                      text11       001514
_TIMER0_Interrupthandler         bssCOMRAM    000013
_TIMER1_ISR                      text9        0013C6
_TIMER1_Interrupthandler         bssCOMRAM    00000D
_TIMER2_ISR                      text7        0013FC
_TIMER2_Interrupthandler         bssCOMRAM    00000B
_TIMER3_ISR                      text5        001390
_TIMER3_Interrupthandler         bssCOMRAM    000009
_TMR0H                           (abs)        000FD7
_TMR0L                           (abs)        000FD6
_TMR1H                           (abs)        000FCF
_TMR1L                           (abs)        000FCE
_TMR2                            (abs)        000FCC
_TMR3H                           (abs)        000FB3
_TMR3L                           (abs)        000FB2
_TRISA                           (abs)        000F92
_TRISB                           (abs)        000F93
_TRISC                           (abs)        000F94
_TRISD                           (abs)        000F95
_TRISE                           (abs)        000F96
_Timer1_DefaultHandler           text10       001536
_Timer2_DefaultHandler           text8        001530
_Timer3_DefaultHandler           text6        00152A
_Timer3_Init                     text2        001168
_Timer3_Mode_config              text3        001280
__HRAM                           (abs)        000000
__H__absolute__                  __absolute__ 000000
__Habs1                          abs1         000000
__Hbank0                         bank0        000000
__Hbank1                         bank1        000000
__Hbank10                        bank10       000000
__Hbank11                        bank11       000000
__Hbank12                        bank12       000000
__Hbank13                        bank13       000000
__Hbank14                        bank14       000000
__Hbank15                        bank15       000000
__Hbank2                         bank2        000000
__Hbank3                         bank3        000000
__Hbank4                         bank4        000000
__Hbank5                         bank5        000000
__Hbank6                         bank6        000000
__Hbank7                         bank7        000000
__Hbank8                         bank8        000000
__Hbank9                         bank9        000000
__Hbigbss                        bigbss       000000
__Hbigdata                       bigdata      000000
__Hbigram                        bigram       000000
__Hbigsfr                        bigsfr       000000
__Hbss                           bss          000000
__HbssCOMRAM                     bssCOMRAM    000000
__Hcinit                         cinit        000000
__Hclrtext                       clrtext      000000
__Hcomram                        comram       000000
__Hconfig                        config       30000E
__Hconst                         const        000000
__HcstackCOMRAM                  cstackCOMRAM 000000
__Hdata                          data         000000
__HdataCOMRAM                    dataCOMRAM   000000
__Heeprom_data                   eeprom_data  000000
__Hfarbss                        farbss       000000
__Hfardata                       fardata      000000
__Hheap                          heap         000000
__Hibigdata                      ibigdata     000000
__Hidata                         idata        000000
__HidataCOMRAM                   idataCOMRAM  000000
__Hidloc                         idloc        000000
__Hifardata                      ifardata     000000
__Hinit                          init         000012
__Hintcode                       intcode      00000E
__Hintcode_body                  intcode_body 000000
__Hintcodelo                     intcodelo    00000E
__Hintentry                      intentry     000000
__Hintret                        intret       000000
__Hintsave_regs                  intsave_regs 000000
__Hirdata                        irdata       000000
__Hmediumconst                   mediumconst  000000
__HnvFARRAM                      nvFARRAM     000000
__Hnvbit                         nvbit        000000
__Hnvrram                        nvrram       000000
__Hparam                         rparam       000000
__Hpowerup                       powerup      00000E
__Hram                           ram          000000
__Hramtop                        ramtop       001000
__Hrbit                          rbit         000000
__Hrbss                          rbss         000000
__Hrdata                         rdata        000000
__Hreset_vec                     reset_vec    000004
__Hrparam                        rparam       000000
__Hsfr                           sfr          000000
__Hsivt_hi                       sivt_hi      000000
__Hsivt_lo                       sivt_lo      000000
__Hsmallconst                    smallconst   001012
__Hspace_0                       (abs)        001544
__Hspace_1                       (abs)        00006E
__Hspace_2                       (abs)        000000
__Hspace_4                       (abs)        60000E
__Hstack                         stack        000000
__Hstruct                        struct       000000
__Htemp                          temp         00006E
__Htext                          text         000000
__Htext0                         text0        000000
__Htext1                         text1        000000
__Htext10                        text10       000000
__Htext11                        text11       000000
__Htext12                        text12       000000
__Htext13                        text13       000000
__Htext14                        text14       000000
__Htext15                        text15       000000
__Htext16                        text16       000000
__Htext17                        text17       000000
__Htext18                        text18       000000
__Htext19                        text19       000000
__Htext2                         text2        000000
__Htext3                         text3        000000
__Htext5                         text5        000000
__Htext6                         text6        000000
__Htext7                         text7        000000
__Htext8                         text8        000000
__Htext9                         text9        000000
__LRAM                           (abs)        000001
__L__absolute__                  __absolute__ 000000
__Labs1                          abs1         000000
__Lbank0                         bank0        000000
__Lbank1                         bank1        000000
__Lbank10                        bank10       000000
__Lbank11                        bank11       000000
__Lbank12                        bank12       000000
__Lbank13                        bank13       000000
__Lbank14                        bank14       000000
__Lbank15                        bank15       000000
__Lbank2                         bank2        000000
__Lbank3                         bank3        000000
__Lbank4                         bank4        000000
__Lbank5                         bank5        000000
__Lbank6                         bank6        000000
__Lbank7                         bank7        000000
__Lbank8                         bank8        000000
__Lbank9                         bank9        000000
__Lbigbss                        bigbss       000000
__Lbigdata                       bigdata      000000
__Lbigram                        bigram       000000
__Lbigsfr                        bigsfr       000000
__Lbss                           bss          000000
__LbssCOMRAM                     bssCOMRAM    000000
__Lcinit                         cinit        000000
__Lclrtext                       clrtext      000000
__Lcomram                        comram       000000
__Lconfig                        config       000000
__Lconst                         const        000000
__LcstackCOMRAM                  cstackCOMRAM 000000
__Ldata                          data         000000
__LdataCOMRAM                    dataCOMRAM   000000
__Leeprom_data                   eeprom_data  000000
__Lfarbss                        farbss       000000
__Lfardata                       fardata      000000
__Lheap                          heap         000000
__Libigdata                      ibigdata     000000
__Lidata                         idata        000000
__LidataCOMRAM                   idataCOMRAM  000000
__Lidloc                         idloc        000000
__Lifardata                      ifardata     000000
__Linit                          init         00000E
__Lintcode                       intcode      000008
__Lintcode_body                  intcode_body 000000
__Lintcodelo                     intcodelo    00000E
__Lintentry                      intentry     000000
__Lintret                        intret       000000
__Lintsave_regs                  intsave_regs 000000
__Lirdata                        irdata       000000
__Lmediumconst                   mediumconst  000000
__LnvFARRAM                      nvFARRAM     000000
__Lnvbit                         nvbit        000000
__Lnvrram                        nvrram       000000
__Lparam                         rparam       000000
__Lpowerup                       powerup      00000E
__Lram                           ram          000000
__Lramtop                        ramtop       001000
__Lrbit                          rbit         000000
__Lrbss                          rbss         000000
__Lrdata                         rdata        000000
__Lreset_vec                     reset_vec    000000
__Lrparam                        rparam       000000
__Lsfr                           sfr          000000
__Lsivt_hi                       sivt_hi      000000
__Lsivt_lo                       sivt_lo      000000
__Lsmallconst                    smallconst   001000
__Lspace_0                       (abs)        000000
__Lspace_1                       (abs)        000000
__Lspace_2                       (abs)        000000
__Lspace_4                       (abs)        000000
__Lstack                         stack        000000
__Lstruct                        struct       000000
__Ltemp                          temp         00006D
__Ltext                          text         000000
__Ltext0                         text0        000000
__Ltext1                         text1        000000
__Ltext10                        text10       000000
__Ltext11                        text11       000000
__Ltext12                        text12       000000
__Ltext13                        text13       000000
__Ltext14                        text14       000000
__Ltext15                        text15       000000
__Ltext16                        text16       000000
__Ltext17                        text17       000000
__Ltext18                        text18       000000
__Ltext19                        text19       000000
__Ltext2                         text2        000000
__Ltext3                         text3        000000
__Ltext5                         text5        000000
__Ltext6                         text6        000000
__Ltext7                         text7        000000
__Ltext8                         text8        000000
__Ltext9                         text9        000000
__S0                             (abs)        001544
__S1                             (abs)        00006E
__S4                             (abs)        000000
__S5                             (abs)        000000
___heap_hi                       (abs)        000000
___heap_lo                       (abs)        000000
___inthi_sp                      stack        000000
___inthi_stack_hi                stack        000000
___inthi_stack_lo                stack        000000
___intlo_sp                      stack        000000
___intlo_stack_hi                stack        000000
___intlo_stack_lo                stack        000000
___param_bank                    (abs)        000000
___rparam_used                   (abs)        000001
___sp                            stack        000000
___stack_hi                      stack        000000
___stack_lo                      stack        000000
__accesstop                      (abs)        000080
__activetblptr                   (abs)        000003
__end_of_ADC_ISR                 text19       001544
__end_of_App_ISR0                text16       00152A
__end_of_GPIO_TogglePin          text18       001280
__end_of_INT0_ISR                text15       0014B8
__end_of_INT1_ISR                text14       00148A
__end_of_INT2_ISR                text13       00145C
__end_of_InterruptManager        intcode_body 001168
__end_of_LED_Toggle              text17       00135A
__end_of_RB4_ISR                 text12       001540
__end_of_TIMER0_ISR              text11       001520
__end_of_TIMER1_ISR              text9        0013FC
__end_of_TIMER2_ISR              text7        00142E
__end_of_TIMER3_ISR              text5        0013C6
__end_of_Timer1_DefaultHandler   text10       00153C
__end_of_Timer2_DefaultHandler   text8        001536
__end_of_Timer3_DefaultHandler   text6        001530
__end_of_Timer3_Init             text2        0011FE
__end_of_Timer3_Mode_config      text3        0012F6
__end_of__initialization         cinit        001386
__end_of_btn_values              smallconst   001011
__end_of_main                    text0        001514
__end_of_timer1_timers_init      text1        0014E2
__initialization                 cinit        00135A
__mediumconst                    mediumconst  000000
__pbssCOMRAM                     bssCOMRAM    000001
__pcinit                         cinit        00135A
__pcstackCOMRAM                  cstackCOMRAM 000055
__pdataCOMRAM                    dataCOMRAM   000030
__pidataCOMRAM                   idataCOMRAM  0014E2
__pintcode                       intcode      000008
__pintcode_body                  intcode_body 001012
__psmallconst                    smallconst   001000
__ptext0                         text0        001508
__ptext1                         text1        0014B8
__ptext10                        text10       001536
__ptext11                        text11       001514
__ptext12                        text12       00153C
__ptext13                        text13       00142E
__ptext14                        text14       00145C
__ptext15                        text15       00148A
__ptext16                        text16       001520
__ptext17                        text17       0012F6
__ptext18                        text18       0011FE
__ptext19                        text19       001540
__ptext2                         text2        001168
__ptext3                         text3        001280
__ptext5                         text5        001390
__ptext6                         text6        00152A
__ptext7                         text7        0013FC
__ptext8                         text8        001530
__ptext9                         text9        0013C6
__ramtop                         ramtop       001000
__smallconst                     smallconst   001000
_btn_values                      smallconst   001001
_int1                            dataCOMRAM   00004E
_led_1                           dataCOMRAM   000054
_main                            text0        001508
_motor_pin1_obj                  bssCOMRAM    00002F
_motor_pin2_obj                  bssCOMRAM    00002E
_pre_load_value                  bssCOMRAM    000011
_pre_load_value@hal_timer1$F2059 bssCOMRAM    00000F
_pre_load_value@hal_timer3$F2378 bssCOMRAM    000007
_preload_value                   bssCOMRAM    000026
_ret                             bssCOMRAM    000025
_timer1_flag                     bssCOMRAM    000005
_timer1_timers_init              text1        0014B8
_timer3_flag                     bssCOMRAM    000003
btemp                            temp         00006D
end_of_initialization            cinit        001386
int$flags                        temp         00006D
int_func                         intcode_body 001012
intlevel0                        text         000000
intlevel1                        text         000000
intlevel2                        text         000000
intlevel3                        text         000000
isa$std                          (abs)        000001
isa$xinst                        (abs)        000000
stackhi                          (abs)        000000
stacklo                          (abs)        000000
start                            init         00000E
start_initialization             cinit        00135A
timer1_timers_init@timer3_obj    cstackCOMRAM 000067
ttemp5                           temp         00006E
ttemp6                           temp         000071
ttemp7                           temp         000075
wtemp8                           temp         00006E


MODULE INFORMATION

Module		Function		Class		Link	Load	Size
MCAL_LAYER/TIMER1/hal_timer1.c
		_TIMER1_ISR    		CODE           	13C6	0000	54

MCAL_LAYER/TIMER1/hal_timer1.c estimated size: 54

MCAL_LAYER/ADC/hal_adc.c
		_ADC_ISR       		CODE           	1540	0000	4

MCAL_LAYER/ADC/hal_adc.c estimated size: 4

ECU_LAYER/LED/ecu_led.c
		_LED_Toggle    		CODE           	12F6	0000	100

ECU_LAYER/LED/ecu_led.c estimated size: 100

MCAL_LAYER/GPIO/hal_gpio.c
		_GPIO_TogglePin		CODE           	11FE	0000	130

MCAL_LAYER/GPIO/hal_gpio.c estimated size: 130

MCAL_LAYER/Interrupt/mcal_external_interrupt.c
		_RB4_ISR       		CODE           	153C	0000	4
		_INT0_ISR      		CODE           	148A	0000	46
		_INT1_ISR      		CODE           	145C	0000	46
		_INT2_ISR      		CODE           	142E	0000	46

MCAL_LAYER/Interrupt/mcal_external_interrupt.c estimated size: 142

MCAL_LAYER/timer0/hal_timer0.c
		_TIMER0_ISR    		CODE           	1514	0000	12

MCAL_LAYER/timer0/hal_timer0.c estimated size: 12

MCAL_LAYER/Interrupt/mcal_interrupt_manager.c
		_InterruptManager		CODE           	0008	0000	348

MCAL_LAYER/Interrupt/mcal_interrupt_manager.c estimated size: 348

shared
		_btn_values    		SMALLCONST     	1001	0000	16
		__initialization		CODE           	135A	0000	44

shared estimated size: 60

MCAL_LAYER/TIMER3/hal_timer3.c
		_Timer3_Init   		CODE           	1168	0000	150
		_Timer3_Mode_config		CODE           	1280	0000	118
		_TIMER3_ISR    		CODE           	1390	0000	54

MCAL_LAYER/TIMER3/hal_timer3.c estimated size: 322

MCAL_LAYER/TIMER2/hal_timer2.c
		_TIMER2_ISR    		CODE           	13FC	0000	50

MCAL_LAYER/TIMER2/hal_timer2.c estimated size: 50

application.c
		_Timer2_DefaultHandler		CODE           	1530	0000	6
		_main          		CODE           	1508	0000	12
		_Timer3_DefaultHandler		CODE           	152A	0000	6
		_timer1_timers_init		CODE           	14B8	0000	42
		_App_ISR0      		CODE           	1520	0000	10
		_Timer1_DefaultHandler		CODE           	1536	0000	6

application.c estimated size: 82

